// Jest Snapshot v1, https://goo.gl/fbAQLP

exports[`renders correctly 1`] = `
<View>
  <TextInput
    onChangeText={[Function]}
    placeholder="Yertle the turtle is ye name"
    value="yertle the turdhole"
  />
  <Text>
    Happiness: 
    100
  </Text>
  <View
    accessibilityRole="button"
    accessibilityState={
      {
        "busy": undefined,
        "checked": undefined,
        "disabled": undefined,
        "expanded": undefined,
        "selected": undefined,
      }
    }
    accessibilityValue={
      {
        "max": undefined,
        "min": undefined,
        "now": undefined,
        "text": undefined,
      }
    }
    accessible={true}
    collapsable={false}
    focusable={true}
    onClick={[Function]}
    onResponderGrant={[Function]}
    onResponderMove={[Function]}
    onResponderRelease={[Function]}
    onResponderTerminate={[Function]}
    onResponderTerminationRequest={[Function]}
    onStartShouldSetResponder={[Function]}
    style={
      {
        "opacity": 1,
      }
    }
  >
    <View
      style={
        [
          {},
        ]
      }
    >
      <Text
        style={
          [
            {
              "color": "#007AFF",
              "fontSize": 18,
              "margin": 8,
              "textAlign": "center",
            },
          ]
        }
      >
        Play with Pet
      </Text>
    </View>
  </View>
  <Text>
    Current state: 
    happy
  </Text>
  <Text
    style={
      {
        "fontSize": 24,
      }
    }
  >
     Your pet will die if happiness is less than 50. In future: implement point system where user gain points through recycling
  </Text>
</View>
`;